2026-04-01 18:00:05,372 - INFO - Inicio del programa
2026-04-01 18:00:05,515 - INFO - Arranque del buscador
2026-04-01 18:00:26,477 - INFO - Inicia extracción de datos del LME
2026-04-01 18:00:29,452 - INFO - Datos extraidos LME: 
        date cash_offer
0 2026-03-26    3332.00
1 2026-03-27    3292.00
2 2026-03-30    3482.00
3 2026-03-31    3585.00
4 2026-04-01    3583.50
2026-04-01 18:00:29,466 - INFO - Inicia extracción de datos del tipo de cambio
2026-04-01 18:00:29,777 - INFO - Datos extraidos tipo de cambio: 
        date  usd_mxn_fix
0 2026-03-26      17.7957
1 2026-03-27      18.0667
2 2026-03-30      18.1033
3 2026-03-31      18.0033
4 2026-04-01      17.8117
2026-04-01 18:00:29,777 - INFO - Tratamiento de datos
2026-04-01 18:00:30,131 - INFO - Actualización de base de datos
2026-04-01 18:00:30,187 - INFO - Base actualizada correctamente

